# ** Warning: Multiple occurences of ini variable SmartFusion2 are found, only first occurence will be considered.
# ** Warning: Multiple occurences of ini variable SmartFusion2 are found, only first occurence will be considered.
# ** Warning: Multiple occurences of ini variable SmartFusion2 are found, only first occurence will be considered.
# ** Warning: Multiple occurences of ini variable SmartFusion2 are found, only first occurence will be considered.
# ** Warning: Multiple occurences of ini variable SmartFusion2 are found, only first occurence will be considered.
# ** Warning: Multiple occurences of ini variable SmartFusion2 are found, only first occurence will be considered.
# ** Warning: Multiple occurences of ini variable SmartFusion2 are found, only first occurence will be considered.
# ** Warning: Multiple occurences of ini variable SmartFusion2 are found, only first occurence will be considered.
# ** Warning: Multiple occurences of ini variable SmartFusion2 are found, only first occurence will be considered.
# ** Warning: Multiple occurences of ini variable SmartFusion2 are found, only first occurence will be considered.
# ** Warning: Multiple occurences of ini variable SmartFusion2 are found, only first occurence will be considered.
# ** Warning: Multiple occurences of ini variable SmartFusion2 are found, only first occurence will be considered.
# ** Warning: Multiple occurences of ini variable SmartFusion2 are found, only first occurence will be considered.
# ** Warning: Multiple occurences of ini variable SmartFusion2 are found, only first occurence will be considered.
# ** Warning: Multiple occurences of ini variable SmartFusion2 are found, only first occurence will be considered.
# ** Warning: Multiple occurences of ini variable SmartFusion2 are found, only first occurence will be considered.
# ** Warning: Multiple occurences of ini variable SmartFusion2 are found, only first occurence will be considered.
# ** Warning: Multiple occurences of ini variable SmartFusion2 are found, only first occurence will be considered.
# ** Warning: Multiple occurences of ini variable SmartFusion2 are found, only first occurence will be considered.
# ** Warning: Multiple occurences of ini variable SmartFusion2 are found, only first occurence will be considered.
# Reading C:/Microsemi/Libero_SoC_v12.3/ModelSimPro/tcl/vsim/pref.tcl
# do run.do
# INFO: Simulation library presynth already exists
# ** Warning: Multiple occurences of ini variable SmartFusion2 are found, only first occurence will be considered.
# ** Warning: Multiple occurences of ini variable SmartFusion2 are found, only first occurence will be considered.
# ** Warning: Multiple occurences of ini variable SmartFusion2 are found, only first occurence will be considered.
# ** Warning: Multiple occurences of ini variable SmartFusion2 are found, only first occurence will be considered.
# ** Warning: Multiple occurences of ini variable SmartFusion2 are found, only first occurence will be considered.
# ** Warning: Multiple occurences of ini variable SmartFusion2 are found, only first occurence will be considered.
# ** Warning: Multiple occurences of ini variable SmartFusion2 are found, only first occurence will be considered.
# ** Warning: Multiple occurences of ini variable SmartFusion2 are found, only first occurence will be considered.
# ** Warning: Multiple occurences of ini variable SmartFusion2 are found, only first occurence will be considered.
# ** Warning: Multiple occurences of ini variable SmartFusion2 are found, only first occurence will be considered.
# ** Warning: Multiple occurences of ini variable SmartFusion2 are found, only first occurence will be considered.
# ** Warning: Multiple occurences of ini variable SmartFusion2 are found, only first occurence will be considered.
# ** Warning: Multiple occurences of ini variable SmartFusion2 are found, only first occurence will be considered.
# ** Warning: Multiple occurences of ini variable SmartFusion2 are found, only first occurence will be considered.
# ** Warning: Multiple occurences of ini variable SmartFusion2 are found, only first occurence will be considered.
# ** Warning: Multiple occurences of ini variable SmartFusion2 are found, only first occurence will be considered.
# ** Warning: Multiple occurences of ini variable SmartFusion2 are found, only first occurence will be considered.
# ** Warning: Multiple occurences of ini variable SmartFusion2 are found, only first occurence will be considered.
# ** Warning: Multiple occurences of ini variable SmartFusion2 are found, only first occurence will be considered.
# ** Warning: Multiple occurences of ini variable SmartFusion2 are found, only first occurence will be considered.
# Model Technology ModelSim Microsemi Pro vmap 2019.2 Lib Mapping Utility 2019.04 Apr 17 2019
# vmap presynth presynth 
# Modifying modelsim.ini
# ** Warning: Multiple occurences of ini variable SmartFusion2 are found, only first occurence will be considered.
# ** Warning: Multiple occurences of ini variable SmartFusion2 are found, only first occurence will be considered.
# ** Warning: Multiple occurences of ini variable SmartFusion2 are found, only first occurence will be considered.
# ** Warning: Multiple occurences of ini variable SmartFusion2 are found, only first occurence will be considered.
# ** Warning: Multiple occurences of ini variable SmartFusion2 are found, only first occurence will be considered.
# ** Warning: Multiple occurences of ini variable SmartFusion2 are found, only first occurence will be considered.
# ** Warning: Multiple occurences of ini variable SmartFusion2 are found, only first occurence will be considered.
# ** Warning: Multiple occurences of ini variable SmartFusion2 are found, only first occurence will be considered.
# ** Warning: Multiple occurences of ini variable SmartFusion2 are found, only first occurence will be considered.
# ** Warning: Multiple occurences of ini variable SmartFusion2 are found, only first occurence will be considered.
# ** Warning: Multiple occurences of ini variable SmartFusion2 are found, only first occurence will be considered.
# ** Warning: Multiple occurences of ini variable SmartFusion2 are found, only first occurence will be considered.
# ** Warning: Multiple occurences of ini variable SmartFusion2 are found, only first occurence will be considered.
# ** Warning: Multiple occurences of ini variable SmartFusion2 are found, only first occurence will be considered.
# ** Warning: Multiple occurences of ini variable SmartFusion2 are found, only first occurence will be considered.
# ** Warning: Multiple occurences of ini variable SmartFusion2 are found, only first occurence will be considered.
# ** Warning: Multiple occurences of ini variable SmartFusion2 are found, only first occurence will be considered.
# ** Warning: Multiple occurences of ini variable SmartFusion2 are found, only first occurence will be considered.
# ** Warning: Multiple occurences of ini variable SmartFusion2 are found, only first occurence will be considered.
# ** Warning: Multiple occurences of ini variable SmartFusion2 are found, only first occurence will be considered.
# Model Technology ModelSim Microsemi Pro vmap 2019.2 Lib Mapping Utility 2019.04 Apr 17 2019
# vmap IGLOO2 C:/Microsemi/Libero_SoC_v12.3/Designer/lib/modelsimpro/precompiled/vlog/smartfusion2 
# Modifying modelsim.ini
# ** Warning: Multiple occurences of ini variable SmartFusion2 are found, only first occurence will be considered.
# ** Warning: Multiple occurences of ini variable SmartFusion2 are found, only first occurence will be considered.
# ** Warning: Multiple occurences of ini variable SmartFusion2 are found, only first occurence will be considered.
# ** Warning: Multiple occurences of ini variable SmartFusion2 are found, only first occurence will be considered.
# ** Warning: Multiple occurences of ini variable SmartFusion2 are found, only first occurence will be considered.
# ** Warning: Multiple occurences of ini variable SmartFusion2 are found, only first occurence will be considered.
# ** Warning: Multiple occurences of ini variable SmartFusion2 are found, only first occurence will be considered.
# ** Warning: Multiple occurences of ini variable SmartFusion2 are found, only first occurence will be considered.
# ** Warning: Multiple occurences of ini variable SmartFusion2 are found, only first occurence will be considered.
# ** Warning: Multiple occurences of ini variable SmartFusion2 are found, only first occurence will be considered.
# ** Warning: Multiple occurences of ini variable SmartFusion2 are found, only first occurence will be considered.
# ** Warning: Multiple occurences of ini variable SmartFusion2 are found, only first occurence will be considered.
# ** Warning: Multiple occurences of ini variable SmartFusion2 are found, only first occurence will be considered.
# ** Warning: Multiple occurences of ini variable SmartFusion2 are found, only first occurence will be considered.
# ** Warning: Multiple occurences of ini variable SmartFusion2 are found, only first occurence will be considered.
# ** Warning: Multiple occurences of ini variable SmartFusion2 are found, only first occurence will be considered.
# ** Warning: Multiple occurences of ini variable SmartFusion2 are found, only first occurence will be considered.
# ** Warning: Multiple occurences of ini variable SmartFusion2 are found, only first occurence will be considered.
# ** Warning: Multiple occurences of ini variable SmartFusion2 are found, only first occurence will be considered.
# ** Warning: Multiple occurences of ini variable SmartFusion2 are found, only first occurence will be considered.
# Model Technology ModelSim Microsemi Pro vmap 2019.2 Lib Mapping Utility 2019.04 Apr 17 2019
# vmap SmartFusion2 C:/Microsemi/Libero_SoC_v12.3/Designer/lib/modelsimpro/precompiled/vlog/smartfusion2 
# Modifying modelsim.ini
# Model Technology ModelSim Microsemi Pro vcom 2019.2 Compiler 2019.04 Apr 17 2019
# Start time: 17:56:02 on Jun 21,2021
# vcom -reportprogress 300 -2008 -explicit -work presynth F:/SYSTEMS AIDS/Miawu/UPGRADATION 2/FINAL BACKUP/MIAWU_UPGRADATION2/hdl/input_faults.vhd 
# -- Loading package STANDARD
# -- Loading package TEXTIO
# -- Loading package std_logic_1164
# -- Loading package std_logic_arith
# -- Loading package STD_LOGIC_UNSIGNED
# -- Compiling entity fault_input
# -- Compiling architecture arc of fault_input
# End time: 17:56:02 on Jun 21,2021, Elapsed time: 0:00:00
# Errors: 0, Warnings: 0
# Model Technology ModelSim Microsemi Pro vcom 2019.2 Compiler 2019.04 Apr 17 2019
# Start time: 17:56:02 on Jun 21,2021
# vcom -reportprogress 300 -2008 -explicit -work presynth F:/SYSTEMS AIDS/Miawu/UPGRADATION 2/FINAL BACKUP/MIAWU_UPGRADATION2/stimulus/tb_faul.vhd 
# -- Loading package STANDARD
# -- Loading package TEXTIO
# -- Loading package std_logic_1164
# -- Compiling entity tb_fault_input
# -- Compiling architecture tb of tb_fault_input
# -- Compiling configuration cfg_tb_fault_input
# -- Loading entity tb_fault_input
# -- Loading architecture tb of tb_fault_input
# -- Loading package std_logic_arith
# -- Loading package STD_LOGIC_UNSIGNED
# -- Loading entity fault_input
# End time: 17:56:02 on Jun 21,2021, Elapsed time: 0:00:00
# Errors: 0, Warnings: 0
# vsim -L IGLOO2 -L presynth -t 1fs presynth.cfg_tb_fault_input 
# Start time: 17:56:02 on Jun 21,2021
# //  ModelSim Microsemi Pro 2019.2 Apr 17 2019
# //
# //  Copyright 1991-2019 Mentor Graphics Corporation
# //  All Rights Reserved.
# //
# //  ModelSim Microsemi Pro and its associated documentation contain trade
# //  secrets and commercial or financial information that are the property of
# //  Mentor Graphics Corporation and are privileged, confidential,
# //  and exempt from disclosure under the Freedom of Information Act,
# //  5 U.S.C. Section 552. Furthermore, this information
# //  is prohibited from disclosure under the Trade Secrets Act,
# //  18 U.S.C. Section 1905.
# //
# Loading std.standard
# Loading std.textio(body)
# Loading ieee.std_logic_1164(body)
# Loading ieee.std_logic_arith(body)
# Loading ieee.std_logic_unsigned(body)
# Loading presynth.cfg_tb_fault_input
# Loading presynth.tb_fault_input(tb)
# Loading presynth.fault_input(arc)
# ** Warning: (vsim-WLF-5000) WLF file currently in use: vsim.wlf
#           File in use by: athul  Hostname: LAPTOP-EGPQAJH0  ProcessID: 10920
#           Attempting to use alternate WLF file "./wlfte83vsi".
# ** Warning: (vsim-WLF-5001) Could not open WLF file: vsim.wlf
#           Using alternate file: ./wlfte83vsi
add wave -position insertpoint sim:/tb_fault_input/dut/*
# End time: 17:57:49 on Jun 21,2021, Elapsed time: 0:01:47
# Errors: 0, Warnings: 82
