# ** Warning: Multiple occurences of ini variable SmartFusion2 are found, only first occurence will be considered.
# ** Warning: Multiple occurences of ini variable smartfusion2 are found, only first occurence will be considered.
# Reading C:/Microsemi/Libero_SoC_v11.8/Modelsim/tcl/vsim/pref.tcl
# do run.do
# INFO: Simulation library presynth already exists
# ** Warning: Multiple occurences of ini variable SmartFusion2 are found, only first occurence will be considered.
# ** Warning: Multiple occurences of ini variable smartfusion2 are found, only first occurence will be considered.
# Model Technology ModelSim Microsemi vmap 10.5c Lib Mapping Utility 2016.07 Jul 21 2016
# vmap presynth presynth 
# Modifying modelsim.ini
# ** Warning: Multiple occurences of ini variable SmartFusion2 are found, only first occurence will be considered.
# ** Warning: Multiple occurences of ini variable smartfusion2 are found, only first occurence will be considered.
# Model Technology ModelSim Microsemi vmap 10.5c Lib Mapping Utility 2016.07 Jul 21 2016
# vmap IGLOO2 C:/Microsemi/Libero_SoC_v11.8/Designer/lib/modelsim/precompiled/vlog/smartfusion2 
# Modifying modelsim.ini
# ** Warning: Multiple occurences of ini variable SmartFusion2 are found, only first occurence will be considered.
# ** Warning: Multiple occurences of ini variable SmartFusion2 are found, only first occurence will be considered.
# Model Technology ModelSim Microsemi vmap 10.5c Lib Mapping Utility 2016.07 Jul 21 2016
# vmap SmartFusion2 C:/Microsemi/Libero_SoC_v11.8/Designer/lib/modelsim/precompiled/vlog/smartfusion2 
# Modifying modelsim.ini
# Model Technology ModelSim Microsemi vcom 10.5c Compiler 2016.07 Jul 21 2016
# Start time: 16:26:43 on Mar 15,2019
# vcom -reportprogress 300 -2008 -explicit -work presynth F:/SYSTEMS AIDS_18Feb2019/MIAWU_MAIN_V2_15MARCH19/hdl/fault_prss_13march19.vhd 
# -- Loading package STANDARD
# -- Loading package TEXTIO
# -- Loading package std_logic_1164
# -- Loading package std_logic_arith
# -- Loading package STD_LOGIC_UNSIGNED
# -- Compiling entity fpm_input
# -- Compiling architecture arc of fpm_input
# End time: 16:26:43 on Mar 15,2019, Elapsed time: 0:00:00
# Errors: 0, Warnings: 0
# Model Technology ModelSim Microsemi vcom 10.5c Compiler 2016.07 Jul 21 2016
# Start time: 16:26:43 on Mar 15,2019
# vcom -reportprogress 300 -2008 -explicit -work presynth F:/SYSTEMS AIDS_18Feb2019/MIAWU_MAIN_V2_15MARCH19/stimulus/fpm.vhd 
# -- Loading package STANDARD
# -- Loading package TEXTIO
# -- Loading package std_logic_1164
# -- Compiling entity fpm
# -- Compiling architecture behavioral of fpm
# End time: 16:26:44 on Mar 15,2019, Elapsed time: 0:00:01
# Errors: 0, Warnings: 0
# vsim -L IGLOO2 -L presynth -t 1fs presynth.fpm 
# Start time: 16:26:44 on Mar 15,2019
# //  ModelSim Microsemi 10.5c Jul 21 2016
# //
# //  Copyright 1991-2016 Mentor Graphics Corporation
# //  All Rights Reserved.
# //
# //  ModelSim Microsemi and its associated documentation contain trade
# //  secrets and commercial or financial information that are the property of
# //  Mentor Graphics Corporation and are privileged, confidential,
# //  and exempt from disclosure under the Freedom of Information Act,
# //  5 U.S.C. Section 552. Furthermore, this information
# //  is prohibited from disclosure under the Trade Secrets Act,
# //  18 U.S.C. Section 1905.
# //
# Loading std.standard
# Loading std.textio(body)
# Loading ieee.std_logic_1164(body)
# Loading presynth.fpm(behavioral)
# Loading ieee.std_logic_arith(body)
# Loading ieee.std_logic_unsigned(body)
# Loading presynth.fpm_input(arc)
# ** Warning: (vsim-WLF-5000) WLF file currently in use: vsim.wlf
#           File in use by: athul  Hostname: LAPTOP-EGPQAJH0  ProcessID: 10920
#           Attempting to use alternate WLF file "./wlftg9dn6j".
# ** Warning: (vsim-WLF-5001) Could not open WLF file: vsim.wlf
#           Using alternate file: ./wlftg9dn6j
add wave -position insertpoint sim:/fpm/fpm_input_0/*
run
run
run
run
run
run
run
run
run
run
run
run
force -freeze sim:/fpm/fpm_input_0/fpm_in 1 0
run
run
run
run
run
run
run
run
force -freeze sim:/fpm/fpm_input_0/ack_in 1 0
run
run
run
run
run
run
