# ** Warning: Multiple occurences of ini variable SmartFusion2 are found, only first occurence will be considered.
# ** Warning: Multiple occurences of ini variable SmartFusion2 are found, only first occurence will be considered.
# ** Warning: Multiple occurences of ini variable SmartFusion2 are found, only first occurence will be considered.
# ** Warning: Multiple occurences of ini variable SmartFusion2 are found, only first occurence will be considered.
# ** Warning: Multiple occurences of ini variable SmartFusion2 are found, only first occurence will be considered.
# ** Warning: Multiple occurences of ini variable SmartFusion2 are found, only first occurence will be considered.
# ** Warning: Multiple occurences of ini variable SmartFusion2 are found, only first occurence will be considered.
# ** Warning: Multiple occurences of ini variable SmartFusion2 are found, only first occurence will be considered.
# ** Warning: Multiple occurences of ini variable SmartFusion2 are found, only first occurence will be considered.
# ** Warning: Multiple occurences of ini variable SmartFusion2 are found, only first occurence will be considered.
# ** Warning: Multiple occurences of ini variable SmartFusion2 are found, only first occurence will be considered.
# ** Warning: Multiple occurences of ini variable SmartFusion2 are found, only first occurence will be considered.
# Reading C:/Microsemi/Libero_SoC_v11.8/Modelsim/tcl/vsim/pref.tcl
# do run.do
# INFO: Simulation library presynth already exists
# ** Warning: Multiple occurences of ini variable SmartFusion2 are found, only first occurence will be considered.
# ** Warning: Multiple occurences of ini variable SmartFusion2 are found, only first occurence will be considered.
# ** Warning: Multiple occurences of ini variable SmartFusion2 are found, only first occurence will be considered.
# ** Warning: Multiple occurences of ini variable SmartFusion2 are found, only first occurence will be considered.
# ** Warning: Multiple occurences of ini variable SmartFusion2 are found, only first occurence will be considered.
# ** Warning: Multiple occurences of ini variable SmartFusion2 are found, only first occurence will be considered.
# ** Warning: Multiple occurences of ini variable SmartFusion2 are found, only first occurence will be considered.
# ** Warning: Multiple occurences of ini variable SmartFusion2 are found, only first occurence will be considered.
# ** Warning: Multiple occurences of ini variable SmartFusion2 are found, only first occurence will be considered.
# ** Warning: Multiple occurences of ini variable SmartFusion2 are found, only first occurence will be considered.
# ** Warning: Multiple occurences of ini variable SmartFusion2 are found, only first occurence will be considered.
# ** Warning: Multiple occurences of ini variable SmartFusion2 are found, only first occurence will be considered.
# Model Technology ModelSim Microsemi vmap 10.5c Lib Mapping Utility 2016.07 Jul 21 2016
# vmap presynth presynth 
# Modifying modelsim.ini
# ** Warning: Multiple occurences of ini variable SmartFusion2 are found, only first occurence will be considered.
# ** Warning: Multiple occurences of ini variable SmartFusion2 are found, only first occurence will be considered.
# ** Warning: Multiple occurences of ini variable SmartFusion2 are found, only first occurence will be considered.
# ** Warning: Multiple occurences of ini variable SmartFusion2 are found, only first occurence will be considered.
# ** Warning: Multiple occurences of ini variable SmartFusion2 are found, only first occurence will be considered.
# ** Warning: Multiple occurences of ini variable SmartFusion2 are found, only first occurence will be considered.
# ** Warning: Multiple occurences of ini variable SmartFusion2 are found, only first occurence will be considered.
# ** Warning: Multiple occurences of ini variable SmartFusion2 are found, only first occurence will be considered.
# ** Warning: Multiple occurences of ini variable SmartFusion2 are found, only first occurence will be considered.
# ** Warning: Multiple occurences of ini variable SmartFusion2 are found, only first occurence will be considered.
# ** Warning: Multiple occurences of ini variable SmartFusion2 are found, only first occurence will be considered.
# ** Warning: Multiple occurences of ini variable SmartFusion2 are found, only first occurence will be considered.
# Model Technology ModelSim Microsemi vmap 10.5c Lib Mapping Utility 2016.07 Jul 21 2016
# vmap IGLOO2 C:/Microsemi/Libero_SoC_v11.8/Designer/lib/modelsim/precompiled/vlog/smartfusion2 
# Modifying modelsim.ini
# ** Warning: Multiple occurences of ini variable SmartFusion2 are found, only first occurence will be considered.
# ** Warning: Multiple occurences of ini variable SmartFusion2 are found, only first occurence will be considered.
# ** Warning: Multiple occurences of ini variable SmartFusion2 are found, only first occurence will be considered.
# ** Warning: Multiple occurences of ini variable SmartFusion2 are found, only first occurence will be considered.
# ** Warning: Multiple occurences of ini variable SmartFusion2 are found, only first occurence will be considered.
# ** Warning: Multiple occurences of ini variable SmartFusion2 are found, only first occurence will be considered.
# ** Warning: Multiple occurences of ini variable SmartFusion2 are found, only first occurence will be considered.
# ** Warning: Multiple occurences of ini variable SmartFusion2 are found, only first occurence will be considered.
# ** Warning: Multiple occurences of ini variable SmartFusion2 are found, only first occurence will be considered.
# ** Warning: Multiple occurences of ini variable SmartFusion2 are found, only first occurence will be considered.
# ** Warning: Multiple occurences of ini variable SmartFusion2 are found, only first occurence will be considered.
# ** Warning: Multiple occurences of ini variable SmartFusion2 are found, only first occurence will be considered.
# Model Technology ModelSim Microsemi vmap 10.5c Lib Mapping Utility 2016.07 Jul 21 2016
# vmap SmartFusion2 C:/Microsemi/Libero_SoC_v11.8/Designer/lib/modelsim/precompiled/vlog/smartfusion2 
# Modifying modelsim.ini
# Model Technology ModelSim Microsemi vcom 10.5c Compiler 2016.07 Jul 21 2016
# Start time: 15:07:38 on Mar 20,2019
# vcom -reportprogress 300 -2008 -explicit -work presynth F:/SYSTEMS AIDS_18Feb2019/miawu_main_v8_20march19/hdl/D_3_23Feb2019.vhd 
# -- Loading package STANDARD
# -- Loading package TEXTIO
# -- Loading package std_logic_1164
# -- Loading package std_logic_arith
# -- Loading package STD_LOGIC_UNSIGNED
# -- Compiling entity decoder3x8
# -- Compiling architecture Behavioral of decoder3x8
# End time: 15:07:38 on Mar 20,2019, Elapsed time: 0:00:00
# Errors: 0, Warnings: 0
# Model Technology ModelSim Microsemi vcom 10.5c Compiler 2016.07 Jul 21 2016
# Start time: 15:07:38 on Mar 20,2019
# vcom -reportprogress 300 -2008 -explicit -work presynth F:/SYSTEMS AIDS_18Feb2019/miawu_main_v8_20march19/hdl/f1_input.vhd 
# -- Loading package STANDARD
# -- Loading package TEXTIO
# -- Loading package std_logic_1164
# -- Loading package std_logic_arith
# -- Loading package STD_LOGIC_UNSIGNED
# -- Compiling entity f1_input
# -- Compiling architecture arc of f1_input
# End time: 15:07:38 on Mar 20,2019, Elapsed time: 0:00:00
# Errors: 0, Warnings: 0
# Model Technology ModelSim Microsemi vcom 10.5c Compiler 2016.07 Jul 21 2016
# Start time: 15:07:38 on Mar 20,2019
# vcom -reportprogress 300 -2008 -explicit -work presynth F:/SYSTEMS AIDS_18Feb2019/miawu_main_v8_20march19/hdl/input_faults.vhd 
# -- Loading package STANDARD
# -- Loading package TEXTIO
# -- Loading package std_logic_1164
# -- Loading package std_logic_arith
# -- Loading package STD_LOGIC_UNSIGNED
# -- Compiling entity fault_input
# -- Compiling architecture arc of fault_input
# End time: 15:07:39 on Mar 20,2019, Elapsed time: 0:00:01
# Errors: 0, Warnings: 0
# Model Technology ModelSim Microsemi vcom 10.5c Compiler 2016.07 Jul 21 2016
# Start time: 15:07:39 on Mar 20,2019
# vcom -reportprogress 300 -2008 -explicit -work presynth F:/SYSTEMS AIDS_18Feb2019/miawu_main_v8_20march19/hdl/fault_prss_13march19.vhd 
# -- Loading package STANDARD
# -- Loading package TEXTIO
# -- Loading package std_logic_1164
# -- Loading package std_logic_arith
# -- Loading package STD_LOGIC_UNSIGNED
# -- Compiling entity fpm_input
# -- Compiling architecture arc of fpm_input
# End time: 15:07:39 on Mar 20,2019, Elapsed time: 0:00:00
# Errors: 0, Warnings: 0
# Model Technology ModelSim Microsemi vcom 10.5c Compiler 2016.07 Jul 21 2016
# Start time: 15:07:39 on Mar 20,2019
# vcom -reportprogress 300 -2008 -explicit -work presynth F:/SYSTEMS AIDS_18Feb2019/miawu_main_v8_20march19/hdl/PE_3_23Feb2019.vhd 
# -- Loading package STANDARD
# -- Loading package TEXTIO
# -- Loading package std_logic_1164
# -- Loading package NUMERIC_STD
# -- Compiling entity priority_encoder_8_3
# -- Compiling architecture priority_enc_arc of priority_encoder_8_3
# End time: 15:07:39 on Mar 20,2019, Elapsed time: 0:00:00
# Errors: 0, Warnings: 0
# Model Technology ModelSim Microsemi vcom 10.5c Compiler 2016.07 Jul 21 2016
# Start time: 15:07:39 on Mar 20,2019
# vcom -reportprogress 300 -2008 -explicit -work presynth F:/SYSTEMS AIDS_18Feb2019/miawu_main_v8_20march19/hdl/andgate_1.vhd 
# -- Loading package STANDARD
# -- Loading package TEXTIO
# -- Loading package std_logic_1164
# -- Loading package std_logic_arith
# -- Loading package STD_LOGIC_UNSIGNED
# -- Compiling entity ANDgate_1
# -- Compiling architecture BEHAVIORAL of ANDgate_1
# End time: 15:07:39 on Mar 20,2019, Elapsed time: 0:00:00
# Errors: 0, Warnings: 0
# Model Technology ModelSim Microsemi vcom 10.5c Compiler 2016.07 Jul 21 2016
# Start time: 15:07:39 on Mar 20,2019
# vcom -reportprogress 300 -2008 -explicit -work presynth F:/SYSTEMS AIDS_18Feb2019/miawu_main_v8_20march19/hdl/stopcom.vhd 
# -- Loading package STANDARD
# -- Loading package TEXTIO
# -- Loading package std_logic_1164
# -- Loading package std_logic_arith
# -- Loading package STD_LOGIC_UNSIGNED
# -- Compiling entity stopcom
# -- Compiling architecture Behavioral of stopcom
# End time: 15:07:39 on Mar 20,2019, Elapsed time: 0:00:00
# Errors: 0, Warnings: 0
# Model Technology ModelSim Microsemi vcom 10.5c Compiler 2016.07 Jul 21 2016
# Start time: 15:07:40 on Mar 20,2019
# vcom -reportprogress 300 -2008 -explicit -work presynth F:/SYSTEMS AIDS_18Feb2019/miawu_main_v8_20march19/hdl/D_FF.vhd 
# -- Loading package STANDARD
# -- Loading package TEXTIO
# -- Loading package std_logic_1164
# -- Loading package std_logic_arith
# -- Loading package STD_LOGIC_UNSIGNED
# -- Compiling entity D_FF
# -- Compiling architecture behavioral of D_FF
# -- Compiling entity FF_R
# -- Compiling architecture behavioral of FF_R
# -- Compiling entity counter
# -- Compiling architecture rtl of counter
# -- Compiling entity counter_12
# -- Compiling architecture rtl of counter_12
# -- Compiling entity counter32
# -- Compiling architecture rtl of counter32
# -- Compiling entity counter256
# -- Compiling architecture rtl of counter256
# End time: 15:07:40 on Mar 20,2019, Elapsed time: 0:00:00
# Errors: 0, Warnings: 0
# Model Technology ModelSim Microsemi vcom 10.5c Compiler 2016.07 Jul 21 2016
# Start time: 15:07:40 on Mar 20,2019
# vcom -reportprogress 300 -2008 -explicit -work presynth F:/SYSTEMS AIDS_18Feb2019/miawu_main_v8_20march19/hdl/switchcheck.vhd 
# -- Loading package STANDARD
# -- Loading package TEXTIO
# -- Loading package std_logic_1164
# -- Loading package std_logic_arith
# -- Loading package STD_LOGIC_UNSIGNED
# -- Compiling entity switchcheck1
# -- Compiling architecture Behavioral of switchcheck1
# End time: 15:07:40 on Mar 20,2019, Elapsed time: 0:00:00
# Errors: 0, Warnings: 0
# Model Technology ModelSim Microsemi vcom 10.5c Compiler 2016.07 Jul 21 2016
# Start time: 15:07:40 on Mar 20,2019
# vcom -reportprogress 300 -2008 -explicit -work presynth F:/SYSTEMS AIDS_18Feb2019/miawu_main_v8_20march19/hdl/spi.vhd 
# -- Loading package STANDARD
# -- Loading package TEXTIO
# -- Loading package std_logic_1164
# -- Loading package std_logic_arith
# -- Loading package STD_LOGIC_UNSIGNED
# -- Compiling entity spi
# -- Compiling architecture Behavioral of spi
# End time: 15:07:40 on Mar 20,2019, Elapsed time: 0:00:00
# Errors: 0, Warnings: 0
# Model Technology ModelSim Microsemi vcom 10.5c Compiler 2016.07 Jul 21 2016
# Start time: 15:07:40 on Mar 20,2019
# vcom -reportprogress 300 -2008 -explicit -work presynth F:/SYSTEMS AIDS_18Feb2019/miawu_main_v8_20march19/hdl/main_PE_D_3_23Feb2019.vhd 
# -- Loading package STANDARD
# -- Loading package TEXTIO
# -- Loading package std_logic_1164
# -- Loading package std_logic_arith
# -- Loading package STD_LOGIC_UNSIGNED
# -- Compiling entity main_file
# -- Compiling architecture behav of main_file
# End time: 15:07:40 on Mar 20,2019, Elapsed time: 0:00:00
# Errors: 0, Warnings: 0
# Model Technology ModelSim Microsemi vcom 10.5c Compiler 2016.07 Jul 21 2016
# Start time: 15:07:41 on Mar 20,2019
# vcom -reportprogress 300 -2008 -explicit -work presynth F:/SYSTEMS AIDS_18Feb2019/miawu_main_v8_20march19/stimulus/main.vhd 
# -- Loading package STANDARD
# -- Loading package TEXTIO
# -- Loading package std_logic_1164
# -- Compiling entity main
# -- Compiling architecture behavioral of main
# End time: 15:07:41 on Mar 20,2019, Elapsed time: 0:00:00
# Errors: 0, Warnings: 0
# vsim -L IGLOO2 -L presynth -t 1fs presynth.main 
# Start time: 15:07:41 on Mar 20,2019
# //  ModelSim Microsemi 10.5c Jul 21 2016
# //
# //  Copyright 1991-2016 Mentor Graphics Corporation
# //  All Rights Reserved.
# //
# //  ModelSim Microsemi and its associated documentation contain trade
# //  secrets and commercial or financial information that are the property of
# //  Mentor Graphics Corporation and are privileged, confidential,
# //  and exempt from disclosure under the Freedom of Information Act,
# //  5 U.S.C. Section 552. Furthermore, this information
# //  is prohibited from disclosure under the Trade Secrets Act,
# //  18 U.S.C. Section 1905.
# //
# Loading std.standard
# Loading std.textio(body)
# Loading ieee.std_logic_1164(body)
# Loading presynth.main(behavioral)
# Loading ieee.std_logic_arith(body)
# Loading ieee.std_logic_unsigned(body)
# Loading presynth.main_file(behav)
# Loading presynth.fpm_input(arc)
# Loading presynth.f1_input(arc)
# Loading presynth.fault_input(arc)
# Loading presynth.spi(behavioral)
# Loading presynth.andgate_1(behavioral)
# Loading presynth.stopcom(behavioral)
# Loading presynth.switchcheck1(behavioral)
# Loading presynth.d_ff(behavioral)
# Loading ieee.numeric_std(body)
# Loading presynth.priority_encoder_8_3(priority_enc_arc)
# Loading presynth.decoder3x8(behavioral)
# ** Warning: (vsim-WLF-5000) WLF file currently in use: vsim.wlf
#           File in use by: athul  Hostname: LAPTOP-EGPQAJH0  ProcessID: 10920
#           Attempting to use alternate WLF file "./wlftm0jc9x".
# ** Warning: (vsim-WLF-5001) Could not open WLF file: vsim.wlf
#           Using alternate file: ./wlftm0jc9x
add wave -position insertpoint  \
sim:/main/main_file_0/RDY
add wave -position insertpoint  \
sim:/main/main_file_0/clk_1sec
restart -f
run
run
run
run
run
run
run
run
run
run
run
run
add wave -position insertpoint  \
sim:/main/main_file_0/counterQ
restart -f
run
run
run
run
run
run
run
run
run
run
run
run
run
run
add wave -position insertpoint  \
sim:/main/main_file_0/RDY_in
restart -f
run
run
run
run
run
run
run
run
run
run
run
run
run
run
