
                               Synplify Pro (R) 

                  Version V-2023.09M for win64 - Jan 04, 2024 

                    Copyright (c) 1988 - 2024 Synopsys, Inc.
   This software and the associated documentation are proprietary to Synopsys,
 Inc. This software may only be used in accordance with the terms and conditions
 of a written license agreement with Synopsys, Inc. All other use, reproduction,
   or distribution of this software is strictly prohibited.  Licensed Products
     communicate with Synopsys servers for the purpose of providing software
    updates, detecting software piracy and verifying that customers are using
    Licensed Products in conformity with the applicable License Key for such
  Licensed Products. Synopsys will use information gathered in connection with
    this process to deliver software updates and pursue software pirates and
                                   infringers.

 Inclusivity & Diversity - Visit SolvNetPlus to read the "Synopsys Statement on
            Inclusivity and Diversity" (Refer to article 000036315 at
                        https://solvnetplus.synopsys.com)

Starting:    C:\Microchip\Libero_SoC_v2024.1\SynplifyPro\bin64\mbin\synbatch.exe
Install:     C:\Microchip\Libero_SoC_v2024.1\SynplifyPro
Hostname:    DESKTOP-4FNVPVN
Date:        Thu Sep 10 15:18:07 2026
Version:     V-2023.09M

Arguments:   -product synplify_base -licensetype synplifypro_actel -batch -log synplify.log TOP_syn.tcl
ProductType: synplify_pro

License checkout: synplifypro_actel
License: synplifypro_actel node-locked 
Licensed Vendor: actel
License Option: actel_oem

Running in Vendor Mode


scm2hydra_preserve_rtl_sig is not supported in current product.
add_dut_hierarchy is not supported in current product.
prepare_readback is not supported in current product.
auto_infer_blackbox is not supported in current product.
log file: "E:\MIAWU\03-08-2021\DARIN 2 V1 FPGA SOUCE\Software\miawu_upgr2_23_06_2021_v2\synthesis\TOP.srr"
Running: synthesis in foreground

Running TOP_syn|synthesis

Running Flow: compile (Compile) on TOP_syn|synthesis
# Thu Sep 10 15:18:08 2026

Running Flow: compile_flow (Compile Process) on TOP_syn|synthesis
# Thu Sep 10 15:18:08 2026

Running: compiler (Compile Input) on TOP_syn|synthesis
# Thu Sep 10 15:18:08 2026
Copied E:\MIAWU\03-08-2021\DARIN 2 V1 FPGA SOUCE\Software\miawu_upgr2_23_06_2021_v2\synthesis\synwork\TOP_comp.srs to E:\MIAWU\03-08-2021\DARIN 2 V1 FPGA SOUCE\Software\miawu_upgr2_23_06_2021_v2\synthesis\TOP.srs

compiler completed
# Thu Sep 10 15:18:14 2026

Return Code: 0
Run Time:00h:00m:05s

Running: multi_srs_gen (Multi-srs Generator) on TOP_syn|synthesis
# Thu Sep 10 15:18:14 2026

multi_srs_gen completed
# Thu Sep 10 15:18:14 2026

Return Code: 0
Run Time:00h:00m:00s
Copied E:\MIAWU\03-08-2021\DARIN 2 V1 FPGA SOUCE\Software\miawu_upgr2_23_06_2021_v2\synthesis\synwork\TOP_mult.srs to E:\MIAWU\03-08-2021\DARIN 2 V1 FPGA SOUCE\Software\miawu_upgr2_23_06_2021_v2\synthesis\TOP.srs
Complete: Compile Process on TOP_syn|synthesis

Running: premap (Premap) on TOP_syn|synthesis
# Thu Sep 10 15:18:14 2026

premap completed with warnings
# Thu Sep 10 15:18:16 2026

Return Code: 1
Run Time:00h:00m:02s
Complete: Compile on TOP_syn|synthesis

Running Flow: map (Map) on TOP_syn|synthesis
# Thu Sep 10 15:18:16 2026
License granted for 4 parallel jobs

Running: fpga_mapper (Map & Optimize) on TOP_syn|synthesis
# Thu Sep 10 15:18:16 2026
Copied E:\MIAWU\03-08-2021\DARIN 2 V1 FPGA SOUCE\Software\miawu_upgr2_23_06_2021_v2\synthesis\synwork\TOP_m.srm to E:\MIAWU\03-08-2021\DARIN 2 V1 FPGA SOUCE\Software\miawu_upgr2_23_06_2021_v2\synthesis\TOP.srm

fpga_mapper completed with warnings
# Thu Sep 10 15:18:25 2026

Return Code: 1
Run Time:00h:00m:09s
Complete: Map on TOP_syn|synthesis
Complete: Logic Synthesis on TOP_syn|synthesis
TCL script complete: "TOP_syn.tcl"
exit status=0
exit status=0
License checkin: synplifypro_actel
