
Copyright (C) 1994-2023 Synopsys, Inc.
This Synopsys software and all associated documentation are proprietary to Synopsys, Inc.
and may only be used pursuant to the terms and conditions of a written license agreement
with Synopsys, Inc. All other use, reproduction, modification, or distribution of the
Synopsys software or the associated documentation is strictly prohibited.
Tool: Synplify Pro (R)
Build: V-2023.09M
Install: C:\Microchip\Libero_SoC_v2024.1\SynplifyPro
OS: Windows 10 or later
Hostname: DESKTOP-4FNVPVN

Implementation : synthesis

# Written on Thu Sep 10 15:18:15 2026

##### FILES SYNTAX CHECKED ##############################################
Constraint File(s):      "E:\MIAWU\03-08-2021\DARIN 2 V1 FPGA SOUCE\Software\miawu_upgr2_23_06_2021_v2\designer\TOP\synthesis.fdc"

#Run constraint checker to find more issues with constraints.
#########################################################################



No issues found in constraint syntax.



Clock Summary
*************

          Start                                                    Requested     Requested     Clock        Clock                     Clock
Level     Clock                                                    Frequency     Period        Type         Group                     Load 
-------------------------------------------------------------------------------------------------------------------------------------------
0 -       XTL                                                      0.1 MHz       15625.000     declared     default_clkgroup          0    
                                                                                                                                           
0 -       clkdiv|a1_inferred_clock                                 100.0 MHz     10.000        inferred     Inferred_clkgroup_0_3     198  
                                                                                                                                           
0 -       clkdiv|a2_inferred_clock                                 100.0 MHz     10.000        inferred     Inferred_clkgroup_0_1     103  
                                                                                                                                           
0 -       TOP_OSC_0_OSC|N_XTLOSC_CLKOUT_inferred_clock             100.0 MHz     10.000        inferred     Inferred_clkgroup_0_4     43   
                                                                                                                                           
0 -       priority_encoder_8_3|dout_inferred_clock[3]              100.0 MHz     10.000        inferred     Inferred_clkgroup_0_5     16   
                                                                                                                                           
0 -       priority_encoder_8_3|pri_enc_un91_din_inferred_clock     100.0 MHz     10.000        inferred     Inferred_clkgroup_0_6     8    
                                                                                                                                           
0 -       TOP|RDY                                                  100.0 MHz     10.000        inferred     Inferred_clkgroup_0_2     7    
===========================================================================================================================================


Clock Load Summary
******************

                                                         Clock     Source                                                   Clock Pin                                 Non-clock Pin                               Non-clock Pin                              
Clock                                                    Load      Pin                                                      Seq Example                               Seq Example                                 Comb Example                               
-------------------------------------------------------------------------------------------------------------------------------------------------------------------------------------------------------------------------------------------------------------
XTL                                                      0         XTL(port)                                                -                                         -                                           -                                          
                                                                                                                                                                                                                                                             
clkdiv|a1_inferred_clock                                 198       clkdiv_0.a1.Q[0](dffe)                                   main_file_0.p24.fault_sig.C               -                                           main_file_0.fclock.I[0](and)               
                                                                                                                                                                                                                                                             
clkdiv|a2_inferred_clock                                 103       clkdiv_0.a2.Q[0](dffe)                                   main_file_0.reset.C                       -                                           main_file_0.spi1.spi0.clock1.I[0](inv)     
                                                                                                                                                                                                                                                             
TOP_OSC_0_OSC|N_XTLOSC_CLKOUT_inferred_clock             43        OSC_0.I_XTLOSC.CLKOUT(XTLOSC)                            clkdiv_0.a1.C                             -                                           OSC_0.I_XTLOSC_FAB.A(XTLOSC_FAB)           
                                                                                                                                                                                                                                                             
priority_encoder_8_3|dout_inferred_clock[3]              16        main_file_0.module_j_inst.dout_2[3:0].OUT[3](primux)     main_file_0.module_k_inst.y_1[7:0].C      main_file_0.module_k_inst.y_1[7:0].D[7]     main_file_0.module_k_inst.un1_i_1.I[0](inv)
                                                                                                                                                                                                                                                             
priority_encoder_8_3|pri_enc_un91_din_inferred_clock     8         main_file_0.module_j_inst.pri_enc\.un91_din.OUT(or)      main_file_0.module_k_inst.y_1[15:8].C     main_file_0.module_k_inst.y_1[7:0].D[7]     main_file_0.module_k_inst.un1_i.I[0](inv)  
                                                                                                                                                                                                                                                             
TOP|RDY                                                  7         RDY(port)                                                main_file_0.spi1.spi0.pq1clk.C            main_file_0.spi1.spi0.q1[5:1].D[4]          main_file_0.spi1.spi0.shreg1122.I[0](inv)  
=============================================================================================================================================================================================================================================================
