Resource Report
Microsemi Corporation - Microsemi Libero Software Release v11.8 SP3 (Version 11.8.3.6)
Date: Fri Mar 15 12:40:18 2019

Device Selection
+--------------------------------+----------------+
| Family                         | IGLOO2         |
| Device                         | M2GL005        |
| Package                        | 144 TQ         |
| Speed Grade                    | STD            |
| Temp                           | -40:25:100     |
| Voltage                        | 1.26:1.20:1.14 |
| Core Voltage                   | 1.2V           |
| Ramp Rate                      | 100ms Minimum  |
| System Controller Suspend Mode | No             |
| PLL Supply Voltage             | 2.5V           |
| Default I/O technology         | LVCMOS 2.5V    |
| Restrict Probe Pins            | Yes            |
| Restrict SPI Pins              | No             |
+--------------------------------+----------------+

Source Files
+---------+---------------------------------------------------------------------------+
| Topcell | ANDgate_1                                                                 |
| Format  | EDIF                                                                      |
| Source  | F:\SYSTEMS AIDS_18Feb2019\miawu_main_v1_15march19\synthesis\ANDgate_1.edn |
+---------+---------------------------------------------------------------------------+

Options
+----------------------------------------------------+-------+
| Enable Single Event Transient mitigation           | false |
| Enable Design Separation Methodology               | false |
| Limit the number of high fanout nets to display to | 10    |
+----------------------------------------------------+-------+

Resource Usage
+---------------------------+------+-------+------------+
| Type                      | Used | Total | Percentage |
+---------------------------+------+-------+------------+
| 4LUT                      | 1    | 6060  | 0.02       |
| DFF                       | 0    | 6060  | 0.00       |
| I/O Register              | 0    | 252   | 0.00       |
| User I/O                  | 3    | 84    | 3.57       |
| -- Single-ended I/O       | 3    | 84    | 3.57       |
| -- Differential I/O Pairs | 0    | 38    | 0.00       |
| RAM64x18                  | 0    | 11    | 0.00       |
| RAM1K18                   | 0    | 10    | 0.00       |
| MACC                      | 0    | 11    | 0.00       |
| Chip Globals              | 0    | 8     | 0.00       |
| CCC                       | 0    | 2     | 0.00       |
| RCOSC_25_50MHZ            | 0    | 1     | 0.00       |
| RCOSC_1MHZ                | 0    | 1     | 0.00       |
| XTLOSC                    | 0    | 1     | 0.00       |
| HPMS                      | 0    | 1     | 0.00       |
+---------------------------+------+-------+------------+

Detailed Logic Resource Usage
+--------------------------+------+-----+
| Type                     | 4LUT | DFF |
+--------------------------+------+-----+
| Fabric Logic             | 1    | 0   |
| RAM64x18 Interface Logic | 0    | 0   |
| RAM1K18 Interface Logic  | 0    | 0   |
| MACC Interface Logic     | 0    | 0   |
| Total Used               | 1    | 0   |
+--------------------------+------+-----+

I/O Function
+-------------------------------+--------------+-------------+-----------------+
| Type                          | w/o register | w/ register | w/ DDR register |
+-------------------------------+--------------+-------------+-----------------+
| Input I/O                     | 2            | 0           | 0               |
| Output I/O                    | 1            | 0           | 0               |
| Bidirectional I/O             | 0            | 0           | 0               |
| Differential Input I/O Pairs  | 0            | 0           | 0               |
| Differential Output I/O Pairs | 0            | 0           | 0               |
+-------------------------------+--------------+-------------+-----------------+

I/O Technology
+--------------+--------+------+-------+--------+---------------+
| I/O Standard | Vddi   | Vref | Input | Output | Bidirectional |
+--------------+--------+------+-------+--------+---------------+
| LVCMOS25     |  2.50v |  N/A |  2    |  1     |  0            |
+--------------+--------+------+-------+--------+---------------+

I/O Placement
+----------+-------+------------+
| Type     | Count | Percentage |
+----------+-------+------------+
| Locked   |  0    | 0.00%      |
| Placed   |  0    | 0.00%      |
| UnPlaced |  3    | 100.00%    |
+----------+-------+------------+

Nets assigned to chip global resources
+--------+------+------+
| Fanout | Type | Name |
+--------+------+------+
+--------+------+------+

Nets assigned to row global resources
+--------+------+------+
| Fanout | Type | Name |
+--------+------+------+
+--------+------+------+

High fanout nets
+--------+---------+----------------+
| Fanout | Type    | Name           |
+--------+---------+----------------+
| 1      | INT_NET | Net   : A_c    |
|        |         | Driver: A_ibuf |
| 1      | INT_NET | Net   : B_c    |
|        |         | Driver: B_ibuf |
| 1      | INT_NET | Net   : C_c    |
|        |         | Driver: C      |
+--------+---------+----------------+

High fanout nets (through buffer trees)
+--------+---------+----------------+
| Fanout | Type    | Name           |
+--------+---------+----------------+
| 1      | INT_NET | Net   : A_c    |
|        |         | Driver: A_ibuf |
| 1      | INT_NET | Net   : B_c    |
|        |         | Driver: B_ibuf |
| 1      | INT_NET | Net   : C_c    |
|        |         | Driver: C      |
+--------+---------+----------------+

